
> temp_app@0.1.0 build
> next build

   Ôû▓ Next.js 15.1.4
   - Environments: .env

   Creating an optimized production build ...
 Ô£ô Compiled successfully
   Linting and checking validity of types ...
cmd.exe : 
En línea: 1 Carácter: 1
+ cmd.exe /c npm run build > build_output.txt 2>&1
+ ~~~~~~~~~~~~~~~~~~~~~~~~~~~~~~~~~~~~~~~~~~~~~~~~
    + CategoryInfo          : NotSpecified: (:String) [], RemoteException
    + FullyQualifiedErrorId : NativeCommandError
 
Failed to compile.

./src/app/dashboard/finance/[id]/page.tsx
18:8  Warning: React Hook useEffect has a missing dependency: 'fetchInvoice'. Either include it or remove the 
dependency array.  react-hooks/exhaustive-deps

./src/app/dashboard/patients/page.tsx
15:8  Warning: React Hook useEffect has a missing dependency: 'fetchPatients'. Either include it or remove the 
dependency array.  react-hooks/exhaustive-deps

./src/app/dashboard/patients/[id]/page.tsx
18:8  Warning: React Hook useEffect has a missing dependency: 'fetchPatientDetails'. Either include it or remove the 
dependency array.  react-hooks/exhaustive-deps

./src/app/dashboard/settings/page.tsx
48:94  Error: `'` can be escaped with `&apos;`, `&lsquo;`, `&#39;`, `&rsquo;`.  react/no-unescaped-entities

./src/app/doctor/consultation/[appointmentId]/page.tsx
34:8  Warning: React Hook useEffect has a missing dependency: 'fetchContext'. Either include it or remove the 
dependency array.  react-hooks/exhaustive-deps

./src/app/doctor/page.tsx
27:78  Error: `'` can be escaped with `&apos;`, `&lsquo;`, `&#39;`, `&rsquo;`.  react/no-unescaped-entities

./src/app/doctor/patients/page.tsx
15:8  Warning: React Hook useEffect has a missing dependency: 'fetchPatients'. Either include it or remove the 
dependency array.  react-hooks/exhaustive-deps

./src/app/doctor/patients/[id]/page.tsx
19:8  Warning: React Hook useEffect has a missing dependency: 'fetchPatientDetails'. Either include it or remove the 
dependency array.  react-hooks/exhaustive-deps

./src/app/doctor/profile/page.tsx
24:8  Warning: React Hook useEffect has a missing dependency: 'fetchProfile'. Either include it or remove the 
dependency array.  react-hooks/exhaustive-deps

./src/app/portal/profile/page.tsx
24:8  Warning: React Hook useEffect has a missing dependency: 'fetchProfile'. Either include it or remove the 
dependency array.  react-hooks/exhaustive-deps

info  - Need to disable some ESLint rules? Learn more here: 
https://nextjs.org/docs/app/api-reference/config/eslint#disabling-rules
